[  0.00000 Itializg grup subsys cpuset
[    0.000000] Initializing cgroup subsys cpu
[    0.000000] Initializing cgroup subsys cpuacct
[    0.000000] Linux version 4.4.0-47-generic (buildd@lcy01-03) (gcc version 5.4.0 20160609 (Ubuntu 5.4.0-6ubuntu1~16.04.2) ) #68-Ubuntu SMP Wed Oct 26 19:39:52 UTC 2016 (Ubuntu 4.4.0-47.68-generic 4.4.24)
[    0.000000] Command line: BOOT_IMAGE=/boot/vmlinuz-4.4.0-47-generic root=LABEL=cloudimg-rootfs ro console=tty1 console=ttyS0
[    0.000000] KERNEL supported cpus:
[    0.000000]   Intel GenuineIntel
[    0.000000]   AMD AuthenticAMD
[    0.000000]   Centaur CentaurHauls
[    0.000000] x86/fpu: xstate_offset[2]:  576, xstate_sizes[2]:  256
[    0.000000] x86/fpu: Supporting XSAVE feature 0x01: 'x87 floating point registers'
[    0.000000] x86/fpu: Supporting XSAVE feature 0x02: 'SSE registers'
[    0.000000] x86/fpu: Supporting XSAVE feature 0x04: 'AVX registers'
[    0.000000] x86/fpu: Enabled xstate features 0x7, context size is 832 bytes, using 'standard' format.
[    0.000000] x86/fpu: Using 'lazy' FPU context switches.
[    0.000000] e820: BIOS-provided physical RAM map:
[    0.000000] BIOS-e820: [mem 0x0000000000000000-0x000000000009fbff] usable
[    0.000000] BIOS-e820: [mem 0x000000000009fc00-0x000000000009ffff] reserved
[    0.000000] BIOS-e820: [mem 0x00000000000f0000-0x00000000000fffff] reserved
[    0.000000] BIOS-e820: [mem 0x0000000000100000-0x000000001ffeffff] usable
[    0.000000] BIOS-e820: [mem 0x000000001fff0000-0x000000001fffffff] ACPI data
[    0.000000] BIOS-e820: [mem 0x00000000fec00000-0x00000000fec00fff] reserved
[    0.000000] BIOS-e820: [mem 0x00000000fee00000-0x00000000fee00fff] reserved
[    0.000000] BIOS-e820: [mem 0x00000000fffc0000-0x00000000ffffffff] reserved
[    0.000000] NX (Execute Disable) protection: active
[    0.000000] SMBIOS 2.5 present.
[    0.000000] Hypervisor detected: KVM
[    0.000000] e820: last_pfn = 0x1fff0 max_arch_pfn = 0x400000000
[    0.000000] MTRR: Disabled
[    0.000000] x86/PAT: MTRRs disabled, skipping PAT initialization too.
[    0.000000] x86/PAT: Configuration [0-7]: WB  WT  UC- UC  WB  WT  UC- UC  
[    0.000000] CPU MTRRs all blank - virtualized system.
[    0.000000] found SMP MP-table at [mem 0x0009fff0-0x0009ffff] mapped at [ffff88000009fff0]
[    0.000000] Scanning 1 areas for low memory corruption
[    0.000000] RAMDISK: [mem 0x1ef5c000-0x1f76dfff]
[    0.000000] ACPI: Early table checksum verification disabled
[    0.000000] ACPI: RSDP 0x00000000000E0000 000024 (v02 VBOX  )
[    0.000000] ACPI: XSDT 0x000000001FFF0030 00003C (v01 VBOX   VBOXXSDT 00000001 ASL  00000061)
[    0.000000] ACPI: FACP 0x000000001FFF00F0 0000F4 (v04 VBOX   VBOXFACP 00000001 ASL  00000061)
[    0.000000] ACPI: DSDT 0x000000001FFF0470 00210E (v01 VBOX   VBOXBIOS 00000002 INTL 20160422)
[    0.000000] ACPI: FACS 0x000000001FFF0200 000040
[    0.000000] ACPI: FACS 0x000000001FFF0200 000040
[    0.000000] ACPI: APIC 0x000000001FFF0240 00005C (v02 VBOX   VBOXAPIC 00000001 ASL  00000061)
[    0.000000] ACPI: SSDT 0x000000001FFF02A0 0001CC (v01 VBOX   VBOXCPUT 00000002 INTL 20160422)
[    0.000000] No NUMA configuration found
[    0.000000] Faking a node at [mem 0x0000000000000000-0x000000001ffeffff]
[    0.000000] NODE_DATA(0) allocated [mem 0x1ffeb000-0x1ffeffff]
[    0.000000] kvm-clock: Using msrs 4b564d01 and 4b564d00
[    0.000000] kvm-clock: cpu 0, msr 0:1ffe7001, primary cpu clock
[    0.000000] kvm-clock: using sched offset of 3255587844 cycles
[    0.000000] clocksource: kvm-clock: mask: 0xffffffffffffffff max_cycles: 0x1cd42e4dffb, max_idle_ns: 881590591483 ns
[    0.000000] Zone ranges:
[    0.000000]   DMA      [mem 0x0000000000001000-0x0000000000ffffff]
[    0.000000]   DMA32    [mem 0x0000000001000000-0x000000001ffeffff]
[    0.000000]   Normal   empty
[    0.000000]   Device   empty
[    0.000000] Movable zone start for each node
[    0.000000] Early memory node ranges
[    0.000000]   node   0: [mem 0x0000000000001000-0x000000000009efff]
[    0.000000]   node   0: [mem 0x0000000000100000-0x000000001ffeffff]
[    0.000000] Initmem setup node 0 [mem 0x0000000000001000-0x000000001ffeffff]
[    0.000000] ACPI: PM-Timer IO Port: 0x4008
[    0.000000] IOAPIC[0]: apic_id 2, version 32, address 0xfec00000, GSI 0-23
[    0.000000] ACPI: INT_SRC_OVR (bus 0 bus_irq 0 global_irq 2 dfl dfl)
[    0.000000] ACPI: INT_SRC_OVR (bus 0 bus_irq 9 global_irq 9 high level)
[    0.000000] Using ACPI (MADT) for SMP configuration information
[    0.000000] smpboot: Allowing 2 CPUs, 0 hotplug CPUs
[    0.000000] PM: Registered nosave memory: [mem 0x00000000-0x00000fff]
[    0.000000] PM: Registered nosave memory: [mem 0x0009f000-0x0009ffff]
[    0.000000] PM: Registered nosave memory: [mem 0x000a0000-0x000effff]
[    0.000000] PM: Registered nosave memory: [mem 0x000f0000-0x000fffff]
[    0.000000] e820: [mem 0x20000000-0xfebfffff] available for PCI devices
[    0.000000] Booting paravirtualized kernel on KVM
[    0.000000] clocksource: refined-jiffies: mask: 0xffffffff max_cycles: 0xffffffff, max_idle_ns: 7645519600211568 ns
[    0.000000] setup_percpu: NR_CPUS:256 nr_cpumask_bits:256 nr_cpu_ids:2 nr_node_ids:1
[    0.000000] PERCPU: Embedded 33 pages/cpu @ffff88001fc00000 s98008 r8192 d28968 u1048576
[    0.000000] PV qspinlock hash table entries: 256 (order: 0, 4096 bytes)
[    0.000000] Built 1 zonelists in Node order, mobility grouping on.  Total pages: 128889
[    0.000000] Policy zone: DMA32
[    0.000000] Kernel command line: BOOT_IMAGE=/boot/vmlinuz-4.4.0-47-generic root=LABEL=cloudimg-rootfs ro console=tty1 console=ttyS0
[    0.000000] PID hash table entries: 2048 (order: 2, 16384 bytes)
[    0.000000] Memory: 488288K/523832K available (8423K kernel code, 1285K rwdata, 3952K rodata, 1480K init, 1292K bss, 35544K reserved, 0K cma-reserved)
[    0.000000] SLUB: HWalign=64, Order=0-3, MinObjects=0, CPUs=2, Nodes=1
[    0.000000] Hierarchical RCU implementation.
[    0.000000] 	Build-time adjustment of leaf fanout to 64.
[    0.000000] 	RCU restricting CPUs from NR_CPUS=256 to nr_cpu_ids=2.
[    0.000000] RCU: Adjusting geometry for rcu_fanout_leaf=64, nr_cpu_ids=2
[    0.000000] NR_IRQS:16640 nr_irqs:440 16
[    0.000000] Console: colour VGA+ 80x25
[    0.000000] console [tty1] enabled
[    0.000000] console [ttyS0] enabled
[    0.000000] tsc: Detected 2394.442 MHz processor
[    0.259628] Calibrating delay loop (skipped) preset value.. 4788.88 BogoMIPS (lpj=9577768)
[    0.261353] pid_max: default: 32768 minimum: 301
[    0.262286] ACPI: Core revision 20150930
[  0263722] ACPI: 2 ACPI AML tables successfully acquired and loaded
[    0.304890] Security Framework initialized
[    0.331281] Yama: becoming mindful.
[    0.331844] AppArmor: AppArmor initialized
[    0.332487] Dentry cache hash table entries: 65536 (order: 7, 524288 bytes)
[    0.333416] Inode-cache hash table entries: 32768 (order: 6, 262144 bytes)
[    0.334314] Mount-cache hash table entries: 1024 (order: 1, 8192 bytes)
[    0.335182] Mountpoint-cache hash table entries: 1024 (order: 1, 8192 bytes)
[    0.336182] Initializing cgroup subsys io
[    0.336773] Initializing cgroup subsys memory
[    0.337392] Initializing cgroup subsys devices
[    0.338016] Initializing cgroup subsys freezer
[    0.338638] Initializing cgroup subsys net_cls
[    0.339280] Initializing cgroup subsys perf_event
[    0.339935] Initializing cgroup subsys net_prio
[    0.340568] Initializing cgroup subsys hugetlb
[    0.341189] Initializing cgroup subsys pids
[    0.341851] CPU: Physical Processor ID: 0
[    0.342436] CPU: Processor Core ID: 0
[    0.344245] mce: CPU supports 0 MCE banks
[    0.362784] Last level iTLB entries: 4KB 1024, 2MB 1024, 4MB 1024
[    0.363583] Last level dTLB entries: 4KB 1024, 2MB 1024, 4MB 1024, 1GB 4
[    0.480910] Freeing SMP alternatives memory: 32K (ffffffff820b5000 - ffffffff820bd000)
[    0.526450] ftrace: allocating 32047 entries in 126 pages
[    0.570541] smpboot: Max logical packages: 1
[    0.637319] smpboot: APIC(0) Converting physical 0 to logical package 0
[    0.638387] x2apic enabled
[    0.700190] Switched APIC routing to physical x2apic.
[    0.788187] ..TIMER: vector=0x30 apic1=0 pin1=2 apic2=-1 pin2=-1
[    1.022802] smpboot: CPU0: Intel(R) Core(TM) i7-4700HQ CPU @ 2.40GHz (family: 0x6, model: 0x3c, stepping: 0x3)
[    1.040135] Performance Events: unsupported p6 CPU model 60 no PMU driver, software events only.
[    1.041489] KVM setup paravirtual spinlock
[    1.043435] x86: Booting SMP configuration:
[    1.044307] .... node  #0, CPUs:      #1
[    1.083657] kvm-clock: cpu 1  msr 0:1ffe701, secondary cpu clock
[    1.279892] mce: CPU supports 0 MCE banks
[    1.388881] x86: Booted up 1 node, 2 CPUs
[    1.397272] smpboot: Total of 2 processors activated (9577.76 BogoMIPS)
[    1.398409] devtmpfs: initialized
[    1.400096] evm: security.selinux
[    1.446079] evm: security.SMACK64
[    1.446610] evm: security.SMACK64EXEC
[    1.447159] evm: security.SMACK64TRANSMUTE
[    1.447760] evm: security.SMACK64MMAP
[    1.448309] evm: security.ima
[    1.448793] evm: security.capability
[    1.449504] clocksource: jiffies: mask: 0xffffffff max_cycles: 0xffffffff, max_idle_ns: 7645041785100000 ns
[    1.450880] pinctrl core: initialized pinctrl subsystem
[    1.451695] RTC time: 23:42:11, date: 11/13/16
[    1.452456] NET: Registered protocol family 16
[    1.463388] cpuidle: using governor ladder
[    1.475562] cpuidle: using governor menu
[    1.477593] PCCT header not found.
[    1.478184] ACPI: bus type PCI registered
[    1.478777] acpiphp: ACPI Hot Plug PCI Controller Driver version: 0.5
[    1.479679] PCI: Using configuration type 1 for base access
[    1.507990] ACPI: Added _OSI(Module Device)
[    1.612310] ACPI: Added _OSI(Processor Device)
[    1.679412] ACPI: Added _OSI(3.0 _SCP Extensions)
[    1.680064] ACPI: Added _OSI(Processor Aggregator Device)
[    1.681353] ACPI: Executed 1 blocks of module-level executable AML code
[    1.683828] ACPI: Interpreter enabled
[    1.684389] ACPI: (supports S0 S5)
[    1.711580] ACPI: Using IOAPIC for interrupt routing
[    1.811435] PCI: Using host bridge windows from ACPI; if necessary, use "pci=nocrs" and report a bug
[    1.976502] ACPI: PCI Root Bridge [PCI0] (domain 0000 [bus 00-ff])
[    2.075342] acpi PNP0A03:00: _OSC: OS supports [ASPM ClockPM Segments MSI]
[    2.076464] acpi PNP0A03:00: _OSC failed (AE_NOT_FOUND); disabling ASPM
[    2.077296] acpi PNP0A03:00: fail to add MMCONFIG information, can't access extended PCI configuration space under this bridge.
[    2.078948] PCI host bridge to bus 0000:00
[    2.079556] pci_bus 0000:00: root bus resource [io  0x0000-0x0cf7 window]
[    2.082092] pci_bus 0000:00: root bus resource [io  0x0d00-0xffff window]
[    2.082930] pci_bus 0000:00: root bus resource [mem 0x000a0000-0x000bffff window]
[    2.085845] pci_bus 0000:00: root bus resource [mem 0x20000000-0xffdfffff window]
[    2.259476] pci_bus 0000:00: root bus resource [bus 00-ff]
[    2.297067] pci 0000:00:01.1: legacy IDE quirk: reg 0x10: [io  0x01f0-0x01f7]
[    2.297960] pci 0000:00:01.1: legacy IDE quirk: reg 0x14: [io  0x03f6]
[    2.298772] pci 0000:00:01.1: legacy IDE quirk: reg 0x18: [io  0x0170-0x0177]
[    2.299653] pci 0000:00:01.1: legacy IDE quirk: reg 0x1c: [io  0x0376]
[    2.312189] pci 0000:00:07.0: quirk: [io  0x4000-0x403f] claimed by PIIX4 ACPI
[    2.331176] pci 0000:00:07.0: quirk: [io  0x4100-0x410f] claimed by PIIX4 SMB
[    2.337889] ACPI: PCI Interrupt Link [LNKA] (IRQs 5 9 10 *11)
[    2.422074] ACPI: PCI Interrupt Link [LNKB] (IRQs 5 9 10 *11)
[    2.488161] ACPI: PCI Interrupt Link [LNKC] (IRQs 5 9 *10 11)
[    2.635357] ACPI: PCI Interrupt Link [LNKD] (IRQs 5 *9 10 11)
[    2.686672] ACPI: Enabled 2 GPEs in block 00 to 07
[    2.687902] vgaarb: setting as boot device: PCI:0000:00:02.0
[    2.695848] vgaarb: device added: PCI:0000:00:02.0,decodes=io+mem,owns=io+mem,locks=none
[    2.698718] vgaarb: loaded
[    2.699284] vgaarb: bridge control possible 0000:00:02.0
[    2.701048] SCSI subsystem initialized
[    2.702852] ACPI: bus type USB registered
[    2.704057] usbcore: registered new interface driver usbfs
[    2.704996] usbcore: registered new interface driver hub
[    2.711952] usbcore: registered new device driver usb
[    2.737866] PCI: Using ACPI for IRQ routing
[    2.739034] NetLabel: Initializing
[    2.739726] NetLabel:  domain hash size = 128
[    2.782296] NetLabel:  protocols = UNLABELED CIPSOv4
[    2.783163] NetLabel:  unlabeled traffic allowed by default
[    2.784305] amd_nb: Cannot enumerate AMD northbridges
[    2.785249] clocksource: Switched to clocksource kvm-clock
[    2.793859] AppArmor: AppArmor Filesystem Enabled
[   .870 p: P PIni
[  31860pn P AI:fod dece

[    3.666618] clocksource: acpi_pm: mask: 0xffffff max_cycles: 0xffffff, max_idle_ns: 2085701024 ns
[    3.678490] NET: Registered protocol family 2
[    3.684562] TCP established hash table entries: 4096 (order: 3, 32768 bytes)
[    3.686854] TCP bind hash table entries: 4096 (order: 4, 65536 bytes)
[    3.687885] TCP: Hash tables configured (established 4096 bind 4096)
[    3.691392] UDP hash table entries: 256 (order: 1, 8192 bytes)
[    3.692311] UDP-Lite hash table entries: 256 (order: 1, 8192 bytes)
[    3.693303] NET: Registered protocol family 1
[    3.694060] pci 0000:00:00.0: Limiting direct PCI/PCI transfers
[    3.694991] pci 0000:00:01.0: Activating ISA DMA hang workarounds
[    3.696046] Trying to unpack rootfs image as initramfs...
[    4.949134] Freeing initrd memory: 8264K (ffff88001ef5c000 - ffff88001f76e000)
[    4.958386] RAPL PMU detected, API unit is 2^-32 Joules, 4 fixed counters 10737418240 ms ovfl timer
[    4.959940] hw unit of domain pp0-core 2^-0 Joules
[    4.960758] hw unit of domain package 2^-0 Joules
[    4.961598] hw unit of domain dram 2^-0 Joules
[    4.962367] hw unit of domain pp1-gpu 2^-0 Joules
[    4.963222] platform rtc_cmos: registered platform RTC device (no PNP device found)
[    4.964605] Scanning for low memory corruption every 60 seconds
[    4.966049] futex hash table entries: 512 (order: 3, 32768 bytes)
[    4.966911] audit: initializing netlink subsys (disabled)
[    4.967674] audit: type=2000 audit(1479080538.113:1): initialized
[    4.968934] Initialise system trusted keyring
[    4.970077] HugeTLB registered 2 MB page size, pre-allocated 0 pages
[    4.978466] zbud: loaded
[    4.979161] VFS: Disk quotas dquot_6.6.0
[    4.979793] VFS: Dquot-cache hash table entries: 512 (order 0, 4096 bytes)
[    4.980850] squashfs: version 4.0 (2009/01/31) Phillip Lougher
[    4.981846] fuse init (API version 7.23)
[    4.982532] Key type big_key registered
[    4.983120] Allocating IMA MOK and blacklist keyrings.
[    4.984340] Key type asymmetric registered
[    4.984959] Asymmetric key parser 'x509' registered
[    4.985946] Block layer SCSI generic (bsg) driver version 0.4 loaded (major 249)
[    4.987499] io scheduler noop registered
[    4.988330] io scheduler deadline registered (default)
[    4.989313] io scheduler cfq registered
[    4.990312] pci_hotplug: PCI Hot Plug PCI Core version: 0.5
[    4.991209] pciehp: PCI Express Hot Plug Controller Driver version: 0.4
[    4.992146] ACPI: AC Adapter [AC] (on-line)
[    4.992797] input: Power Button as /devices/LNXSYSTM:00/LNXPWRBN:00/input/input0
[    4.993887] ACPI: Power Button [PWRF]
[    4.994488] input: Sleep Button as /devices/LNXSYSTM:00/LNXSLPBN:00/input/input1
[    5.038332] ACPI: Sleep Button [SLPF]
[    5.039377] GHES: HEST is not enabled!
[    5.039875] ACPI: Battery Slot [BAT0] (battery present)
[    5.041040] Serial: 8250/16550 driver, 32 ports, IRQ sharing enabled
[    5.063205] 00:02: ttyS0 at I/O 0x3f8 (irq = 4, base_baud = 115200) is a 16550A
[    5.090008] Linux agpgart interface v0.103
[    5.092637] brd: module loaded
[    5.094040] loop: module loaded
[    5.095000] scsi host0: ata_piix
[    5.095625] scsi host1: ata_piix
[    5.096167] ata1: PATA max UDMA/33 cmd 0x1f0 ctl 0x3f6 bmdma 0xd000 irq 14
[    5.097020] ata2: PATA max UDMA/33 cmd 0x170 ctl 0x376 bmdma 0xd008 irq 15
[    5.098319] libphy: Fixed MDIO Bus: probed
[    5.104961] tun: Universal TUN/TAP device driver, 1.6
[    5.105913] tun: (C) 1999-2004 Max Krasnyansky <maxk@qualcomm.com>
[    5.107149] PPP generic driver version 2.4.2
[    5.127469] ehci_hcd: USB 2.0 'Enhanced' Host Controller (EHCI) Driver
[    5.128331] ehci-pci: EHCI PCI platform driver
[    5.128975] ehci-platform: EHCI generic platform driver
[    5.138082] ohci_hcd: USB 1.1 'Open' Host Controller (OHCI) Driver
[    5.139272] ohci-pci: OHCI PCI platform driver
[    5.157435] ohci-platform: OHCI generic platform driver
[    5.158149] uhci_hcd: USB Universal Host Controller Interface driver
[    5.159017] i8042: PNP: PS/2 Controller [PNP0303:PS2K,PNP0f03:PS2M] at 0x60,0x64 irq 1,12
[    5.160572] serio: i8042 KBD port at 0x60,0x64 irq 1
[    5.161278] serio: i8042 AUX port at 0x60,0x64 irq 12
[    5.162061] mousedev: PS/2 mouse device common for all mice
[    5.163163] input: AT Translated Set 2 keyboard as /devices/platform/i8042/serio0/input/input2
[    5.164403] rtc_cmos rtc_cmos: rtc core: registered rtc_cmos as rtc0
[    5.166530] rtc_cmos rtc_cmos: alarms up to one day, 114 bytes nvram
[    5.167344] i2c /dev entries driver
[    5.167940] device-mapper: uevent: version 1.0.3
[    5.171671] device-mapper: ioctl: 4.34.0-ioctl (2015-10-28) initialised: dm-devel@redhat.com
[    5.173404] ledtrig-cpu: registered to indicate activity on CPUs
[    5.174549] NET: Registered protocol family 10
[    5.175351] NET: Registered protocol family 17
[    5.175997] Key type dns_resolver registered
[    5.176746] microcode: CPU0 sig=0x306c3, pf=0x40, revision=0x0
[    5.177756] microcode: CPU1 sig=0x306c3, pf=0x40, revision=0x0
[    5.178542] microcode: Microcode Update Driver: v2.01 <tigran@aivazian.fsnet.co.uk>, Peter Oruba
[    5.179855] registered taskstats version 1
[    5.180467] Loading compiled-in X.509 certificates
[    5.181711] Loaded X.509 cert 'Build time autogenerated kernel key: f7bc719d96df7c6d6fed8f4b9fd5d4ff001383c8'
[    5.183031] zswap: loaded using pool lzo/zbud
[    5.185607] Key type trusted registered
[    5.199905] Key type encrypted registered
[    5.200506] AppArmor: AppArmor sha1 policy hashing enabled
[    5.201237] ima: No TPM chip found, activating TPM-bypass!
[    5.202296] evm: HMAC attrs: 0x1
[    5.203342]   Magic number: 8:134:757
[    5.204160]ttty ttyS8: hash matches
[    5.407464] rtc_cmos rtc_cmos: setting system clock to 2016-11-13 23:42:15 UTC (1479080535)
[    5.571770] BIOS EDD facility v0.16 2004-Jun-25, 0 devices found
[    5.597806] EDD information not available.
[    5.599509] Freeing unused kernel memory: 1480K (ffffffff81f43000 - ffffffff820b5000)
[    5.600627] Write protecting the kernel read-only data: 14336k
[    5.602445] Freeing unused kernel memory: 1804K (ffff88000183d000 - ffff880001a00000)
[    5.628420] Freeing unused kernel memory: 144K (ffff880001ddc000 - ffff880001e00000)
Loading, please wait...
starting version[    5.640682] random: systemd-udevd: uninitialized urandom read (16 bytes read, 2 bits of entropy available)
 229
[    5.641149] random: udevadm: uninitialized urandom read (16 bytes read, 2 bits of entropy available)
[    5.641180] random: udevadm: uninitialized urandom read (16 bytes read, 2 bits of entropy available)
[    5.641320] random: udevadm: uninitialized urandom read (16 bytes read, 2 bits of entropy available)
[    5.641357] random: udevadm: uninitialized urandom read (16 bytes read, 2 bits of entropy available)
[    5.641389] random: udevadm: uninitialized urandom read (16 bytes read, 2 bits of entropy available)
[    5.641422] random: udevadm: uninitialized urandom read (16 bytes read, 2 bits of entropy available)
[    5.641456] random: udevadm: uninitialized urandom read (16 bytes read, 2 bits of entropy available)
[    5.641485] random: udevadm: uninitialized urandom read (16 bytes read, 2 bits of entropy available)
[    5.641515] random: udevadm: uninitialized urandom read (16 bytes read, 2 bits of entropy available)
[    5.686748] e1000: Intel(R) PRO/1000 Network Driver - version 7.3.21-k8-NAPI
[    5.702871] e1000: Copyright (c) 1999-2006 Intel Corporation.
[    5.708597] Fusion MPT base driver 3.04.20
[    5.710418] Copyright (c) 1999-2008 LSI Corporation
[    5.715552] Fusion MPT SPI Host driver 3.04.20
[    5.718694] AVX version of gcm_enc/dec engaged.
[    5.727717] AES CTR mode by8 optimization enabled
[    5.910343] input: ImExPS/2 Generic Explorer Mouse as /devices/platform/i8042/serio1/input/input4
[    5.961318] tsc: Refined TSC clocksource calibration: 2394.466 MHz
[    5.973999] clocksource: tsc: mask: 0xffffffffffffffff max_cycles: 0x2283cbcff6b, max_idle_ns: 440795320573 ns
[    6.052814] e1000 0000:00:03.0 eth0: (PCI:33MHz:32-bit) 02:d0:b0:43:c2:9f
[    6.077928] e1000 0000:00:03.0 eth0: Intel(R) PRO/1000 Network Connection
[    6.407797] e1000 0000:00:08.0 eth1: (PCI:33MHz:32-bit) 08:00:27:23:0d:47
[    6.427973] e1000 0000:00:08.0 eth1: Intel(R) PRO/1000 Network Connection
[    6.430140] e1000 0000:00:03.0 enp0s3: renamed from eth0
[    6.431478] mptbase: ioc0: Initiating bringup
[    6.447441] e1000 0000:00:08.0 enp0s8: renamed from eth1
[    6.565540] ioc0: LSI53C1030 A0: Capabilities={Initiator}
[    8.010289] scsi host2: ioc0: LSI53C1030 A0, FwRev=00000000h, Ports=1, MaxQ=256, IRQ=20
[    8.746112] floppy0: no floppy controllers found
[    8.746336] scsi 2:0:0:0: Direct-Access     VBOX     HARDDISK         1.0  PQ: 0 ANSI: 5
[    8.746352] scsi target2:0:0: Beginning Domain Validation
[    8.747392] scsi target2:0:0: Domain Validation skipping write tests
[    8.747393] scsi target2:0:0: Ending Domain Validation
[    8.747430] scsi target2:0:0: asynchronous
[    8.791964] scsi 2:0:1:0: Direct-Access     VBOX     HARDDISK         1.0  PQ: 0 ANSI: 5
[    8.793162] scsi target2:0:1: Beginning Domain Validation
[    8.794448] scsi target2:0:1: Domain Validation skipping write tests
[    8.795255] scsi target2:0:1: Ending Domain Validation
[    8.884920] scsi target2:0:1: asynchronous
[    8.890325] sd 2:0:0:0: [sda] 20971520 512-byte logical blocks: (10.7 GB/10.0 GiB)
[    8.891497] sd 2:0:0:0: [sda] Write Protect is off
[    8.892210] sd 2:0:0:0: [sda] Incomplete mode parameter data
[    8.892949] sd 2:0:0:0: [sda] Assuming drive cache: write through
[    8.894200] sd 2:0:0:0: Attached scsi generic sg0 type 0
[    8.895182] sd 2:0:1:0: [sdb] 20480 512-byte logical blocks: (10.5 MB/10.0 MiB)
[    8.896382] sd 2:0:1:0: [sdb] Write Protect is off
[    8.898222] sd 2:0:1:0: Attached scsi generic sg1 type 0
[    8.898224] sd 2:0:1:0: [sdb] Incomplete mode parameter data
[    8.898225] sd 2:0:1:0: [sdb] Assuming drive cache: write through
[    8.911542]  sda: sda1
[    8.912735] sd 2:0:0:0: [sda] Attached SCSI disk
[    8.935615] sd 2:0:1:0: [sdb] Attached SCSI disk
Begin: Loading e[   10.322846] md: linear personality registered for level -1
ssential drivers ... [   10.333126] md: multipath personality registered for level -4
[   10.385434] md: raid0 personality registered for level 0
[   10.460964] md: raid1 personality registered for level 1
[   10.537602] raid6: sse2x1   gen()  9322 MB/s
[   10.717287] raid6: sse2x1   xor()  7373 MB/s
[   10.865284] raid6: sse2x2   gen() 11315 MB/s
[   11.032078] raid6: sse2x2   xor()  8181 MB/s
[   11.165330] raid6: sse2x4   gen() 13281 MB/s
[   11.245271] raid6: sse2x4   xor()  9333 MB/s
[   11.359572] raid6: using algorithm sse2x4 gen() 13281 MB/s
[   11.427856] raid6: .... xor() 9333 MB/s, rmw enabled
[   11.430992] raid6: using ssse3x2 recovery algorithm
[   11.433022] xor: automatically using best checksumming function:
[   11.489564]    avx       : 46997.000 MB/sec
[   11.499481] async_tx: api initialized (async)
[   11.506711] md: raid6 personality registered for level 6
[   11.515235] md: raid5 personality registered for level 5
[   11.515946] md: raid4 personality registered for level 4
[   11.520774] md: raid10 personality registered for level 10
done.
Begin: Running /scripts/init-premount ... done.
Begin: Mounting root file system ... Begin: Running /scripts/local-top ... don[   11.547623] Btrfs loaded
e.
Begin: Running /scripts/local-premount ... Scanning for Btrfs filesystems
done.
Warning: fsck not present, so skipping root file system
[   11.632032] EXT4-fs (sda1): mounted filesystem with ordered data mode. Opts: (null)
done.
Begin: Running /scripts/local-bottom ... done.
Begin: Running /scripts/init-bottom ... Warning: overlayroot: debug is busted
done.
[   12.235605] systemd[1]: systemd 229 running in system mode. (+PAM +AUDIT +SELINUX +IMA +APPARMOR +SMACK +SYSVINIT +UTMP +LIBCRYPTSETUP +GCRYPT +GNUTLS +ACL +XZ -LZ4 +SECCOMP +BLKID +ELFUTILS +KMOD -IDN)
[   12.418914] systemd[1]: Detected virtualization oracle.
[   12.437654] systemd[1]: Detected architecture x86-64.

Welcome to [1mUbuntu 16.04.1 LTS[0m!

[   12.621462] systemd[1]: Set hostname to <ubuntu>.
[   12.680707] systemd[1]: Initializing machine ID from random generator.
[   12.847797] systemd[1]: Installed transient /etc/machine-id file.
[   13.007759] random: nonblocking pool is initialized
[   13.895598] systemd[1]: Listening on /dev/initctl Compatibility Named Pipe.
[[0;32m  OK  [0m] Listening on /dev/initctl Compatibility Named Pipe.
[  1.051 sstd[: isteinonoualoct (/dev/log).
[[0;32m  OK  [0m] Listening on Journal Socket (/dev/log).
[   14.579007] systemd[1]: Listening on Journal Audit Socket.
[[0;32m  OK  [0m] Listening on Journal Audit Socket.
[   14.581683] systemd[1]: Reached target User and Group Name Lookups.
[[0;32m  OK  [0m] Reached target User and Group Name Lookups.
[   14.583577] systemd[1]: Listening on Journal Socket.
[[0;32m  OK  [0m] Listening on Journal Socket.
[   14.585088] systemd[1]: Started Forward Password Requests to Wall Directory Watch.
[[0;32m  OK  [0m] Started Forward Password Requests to Wall Directory Watch.
[   14.594970] systemd[1]: Listening on LVM2 poll daemon socket.
[[0;32m  OK  [0m] Listening on LVM2 poll daemon socket.
[   14.607475] systemd[1]: Listening on udev Control Socket.
[[0;32m  OK  [0m] Listening on udev Control Socket.
[   14.611098] systemd[1]: Reached target Encrypted Volumes.
[[0;32m  OK  [0m] Reached target Encrypted Volumes.
[   14.615078] systemd[1]: Reached target Swap.
[[0;32m  OK  [0m] Reached target Swap.
[   14.647772] systemd[1]: Listening on Syslog Socket.
[[0;32m  OK  [0m] Listening on Syslog Socket.
[   14.656085] systemd[1]: Listening on LVM2 metadata daemon socket.
[[0;32m  OK  [0m] Listening on LVM2 metadata daemon socket.
[   14.659324] systemd[1]: Set up automount Arbitrary Executable File Formats File System Automount Point.
[[0;32m  OK  [0m] Set up automount Arbitrary Executab...ats File System Automount Point.
[   14.664022] systemd[1]: Listening on udev Kernel Socket.
[[0;32m  OK  [0m] Listening on udev Kernel Socket.
[   14.667041] systemd[1]: Listening on Device-mapper event daemon FIFOs.
[[0;32m  OK  [0m] Listening on Device-mapper event daemon FIFOs.
[   14.680560] systemd[1]: Created slice User and Session Slice.
[[0;32m  OK  [0m] Created slice User and Session Slice.
[   14.683721] systemd[1]: Created slice System Slice.
[[0;32m  OK  [0m] Created slice System Slice.
[   14.705429] systemd[1]: Starting Set console keymap...
         Starting Set console keymap...
[   14.710421] systemd[1]: Starting Remount Root and Kernel File Systems...
         Starting Remount Root and Kernel File Systems...
[   14.715157] systemd[1]: Mounting Huge Pages File System...
         Mounting Huge Pages File System...
[   14.722011] systemd[1]: Created slice system-serial\x2dgetty.slice.
[[0;32m  OK  [0m] Created slice system-serial\x2dgetty.slice.
[   14.728929] systemd[1]: Starting Uncomplicated firewall...
         Starting Uncomplicated firewall...
[   14.733474] systemd[1]: Starting Journal Service...
         Starting Journal Service...
[   14.774427] EXT4-fs (sda1): re-mounted. Opts: (null)
[   14.929489] systemd[1]: Starting Load Kernel Modules...
         Starting Load Kernel Modules...
[   15.029509] systemd[1]: Starting Create list of required static device nodes for the current kernel...
         Starting Create list of required st... nodes for the current kernel...
[   15.094035] systemd[1]: Mounting Debug File System...
         Mounting Debug File System...
[   15.097232] systemd[1]: Starting Monitoring of LVM2 mirrors, snapshots etc. using dmeventd or progress polling...
         Starting Monitoring of LVM2 mirrors... dmeventd or progress polling...
[   15.181362] systemd[1]: Mounting POSIX Message Queue File System...
         Mounting POSIX Message Queue File System...
[   15.191432] systemd[1]: Starting Nameserver information manager...
         Starting Nameserver information manager...
[   15.196139] systemd[1]: Reached target Slices.
[[0;32m  OK  [0m] Reached target Slices.
[   15.215397] Loading iSCSI transport class v2.0-870.
[   15.234118] systemd[1]: Mounted Debug File System.
[[0;32m  OK  [0m] Mounted Debug File System.
[   15.245454] systemd[1]: Mounted Huge Pages File System.
[[0;32m  OK  [0m] Mounted Huge Pages File System.
[   15.249480] systemd[1]: Mounted POSIX Message Queue File System.
[[0;32m  OK  [0m] Mounted POSIX Message Queue File System.
[   15.299636] systemd[1]: Started Set console keymap.
[[0;32m  OK  [0m] Started Set console keymap.
[   15.308858] systemd[1]: Started Remount Root and Kernel File Systems.
[[0;32m  OK  [0m] Started Remount Root and Kernel File Systems.
[   15.358581] systemd[1]: Started Uncomplicated firewall.
[[0;32m  OK  [0m] Started Uncomplicated firewall.
[   15.378149] systemd[1]: Started Create list of required static device nodes for the current kernel.
[[0;32m  OK  [0m] Started Create list of required sta...ce node[   15.448369] iscsi: registered transport (tcp)
s for the current kernel.
[   15.475245] systemd[1]: Started Journal Service.
[[0;32m  OK  [0m] Started Journal Service.
         Starting Create Static Device Nodes in /dev...
         Starting Flush Journal to Persistent Storage...
         Starting Load/Save Random Seed...
         Starting udev Coldplug all Devices...
[[0;32m  OK  [0m] Started Nameserver information manager.
[[0;32m  OK  [0m] Started Load/Save Random Seed.
[   15.747637] iscsi: registered transport (iser)
[   15.767101] systemd-journald[408]: Received request to flush runtime journal from PID 1
[[0;32m  OK  [0m] Started Load Kernel Modules.
         Starting Apply Kernel Variables...
         Mounting FUSE Control File System...
[[0;32m  OK  [0m] Mounted FUSE Control File System.
[[0;32m  OK  [0m] Started Flush Journal to Persistent Storage.
[[0;32m  OK  [0m] Started LVM2 metadata daemon.
[[0;32m  OK  [0m] Started udev Coldplug all Devices.
[[0;32m  OK  [0m] Started Apply Kernel Variables.
[[0;32m  OK  [0m] Started Create Static Device Nodes in /dev.
         Starting udev Kernel Device Manager...
[[0;32m  OK  [0m] Started Monitoring of LVM2 mirrors,...ng dmeventd or progress polling.
[[0;32m  OK  [0m] Started udev Kernel Device Manager.
[[0;32m  OK  [0m] Reached target Local File Systems (Pre).
[[0;32m  OK  [0m] Reached target Local File Systems.
         Starting Commit a transient machine-id on disk...
         Starting Initial cloud-init job (pre-networking)...
         Starting Set console font and keymap...
         Starting Tell Plymouth To Write Out Runtime Data...
         Starting LSB: AppArmor initialization...
         Starting Run snappy firstboot setup...
         Starting Create Volatile Files and Directories...
[[0;32m  OK  [0m] Started Dispatch Password Requests to Console Directory Watch.
[[0;32m  OK  [0m] Started Commit a transient machine-id on disk.
[[0;32m  OK  [0m] Started Tell Plymouth To Write Out Runtime Data.
[[0;32m  OK  [0m] Started Create Volatile Files and Directories.
[[0;32m  OK  [0m] Reached target System Time Synchronized.
         Starting Update UTMP about System Boot/Shutdown...
[[0;32m  OK  [0m] Found device /dev/ttyS0.
[[0;32m  OK  [0m] Listening on Load/Save RF Kill Switch Status /dev/rfkill Watch.
[[0;32m  OK  [0m] Started Update UTMP about System Boot/Shutdown.
[[0;32m  OK  [0m] Started LSB: AppArmor initialization.
[[0;32m  OK  [0m] Reached target System Initialization.
[[0;32m  OK  [0m] Started Timer to automatically refresh installed snaps.
[[0;32m  OK  [0m] Started Daily apt activities.
[[0;32m  OK  [0m] Listening on D-Bus System Message Bus Socket.
         Starting Socket activation for snappy daemon.
[[0;32m  OK  [0m] Listening on UUID daemon activation socket.
         Starting LXD - unix socket.
[[0;32m  OK  [0m] Listening on ACPID Listen Socket.
[[0;32m  OK  [0m] Started ACPI Events Check.
[[0;32m  OK  [0m] Started Trigger resolvconf update for networkd DNS.
[[0;32m  OK  [0m] Reached target Paths.
[[0;32m  OK  [0m] Started Daily Cleanup of Temporary Directories.
[[0;32m  OK  [0m] Reached target Timers.
[[0;32m  OK  [0m] Started Run snappy firstboot setup.
[[0;32m  OK  [0m] Listening on Socket activation for snappy daemon.
[[0;32m  OK  [0m] Listening on LXD - unix socket.
[[0;32m  OK  [0m] Reached target Sockets.
[[0;32m  OK  [0m] Reached target Basic System.
[[0;32m  OK  [0m] Started ACPI event daemon.
[[0;32m  OK  [0m] Started FUSE filesystem for LXC.
         Starting LXD - container startup/shutdown...
         Starting Accounts Service...
[[0;32m  OK  [0m] Started Deferred execution scheduler.
         Starting Login Service...
         Starting System Logging Service...
[[0;32m  OK  [0m] Started D-Bus System Message Bus.
         Starting LSB: Record successful boot for GRUB...
         Starting LSB: MD monitoring daemon...
[[0;32m  OK  [0m] Started Regular background program processing daemon.
[[0;32m  OK  [0m] Started Snappy daemon.
[[0;32m  OK  [0m] Started Set console font and keymap.
[[0;32m  OK  [0m] Started Login Service.
[[0;32m  OK  [0m] Created slice system-getty.slice.
[[0;32m  OK  [0m] Started System Logging Service.
[[0;32m  OK  [0m] Started LSB: Record successful boot for GRUB.
[[0;32m  OK  [0m] Started LSB: MD monitoring daemon.
         Starting Authenticate and Authorize Users to Run Privileged Tasks...
[[0;32m  OK  [0m] Started Authenticate and Authorize Users to Run Privileged Tasks.
[[0;32m  OK  [0m] Started Accounts Service.
[[0;32m  OK  [0m] Started LXD - container startup/shutdown.
[   23.274582] cloud-init[507]: Cloud-init v. 0.7.8 running 'init-local' at Sun, 13 Nov 2016 23:42:34 +0000. Up 22.69 seconds.
[[0;32m  OK  [0m] Started Initial cloud-init job (pre-networking).
[[0;32m  OK  [0m] Reached target Network (Pre).
         Starting Raise network interfaces...
[[0;32m  OK  [0m] Started Raise network interfaces.
         Starting Initial cloud-init job (metadata service crawler)...
[[0;32m  OK  [0m] Reached target Network.
[   25.194659] cloud-init[1019]: Cloud-init v. 0.7.8 running 'init' at Sun, 13 Nov 2016 23:42:36 +0000. Up 23.92 seconds.
[   25.236501] cloud-init[1019]: ci-info: ++++++++++++++++++++++++++++++++++++++Net device info++++++++++++++++++++++++++++++++++++++
[   25.268316] cloud-init[1019]: ci-info: +--------+-------+----------------------------+---------------+-------+-------------------+
[[0;32m  OK  [0m] Started Initial cloud-init job (metadata service crawler).
[   25.268588] cloud-init[1019]: ci-info: | Device |   Up  |          Address           |      Mask     | Scope |     Hw-Address    |
[   25.311171] cloud-init[1019]: ci-info: +--------+-------+----------------------------+---------------+-------+-------------------+
[   25.311412] cloud-init[1019]: ci-info: |   lo   |  True |         127.0.0.1          |   255.0.0.0   |   .   |         .         |
[[0;32m  OK  [0m] Reached target Cloud-config availability.
[   25.311522] cloud-init[1019]: ci-info: |   lo   |  True |          ::1/128           |       .       |  host |         .         |
[[0;32m  OK  [0m] Reached target Network is Online.
[   25.471640] cloud-init[1019]: ci-info: | enp0s3 |  True |         10.0.2.15          | 255.255.255.0 |   .   | 02:d0:b0:43:c2:9f |
[   25.500284] cloud-init[1019]: ci-info: | enp0s3 |  True | fe80::d0:b0ff:fe43:c29f/64 |       .       |  link | 02:d0:b0:43:c2:9f |
         Starting Pollinate to seed the pseudo random number generator...
[   25.500570] cloud-init[1019]: ci-info: | enp0s8 | False |             .              |       .       |   .   | 08:00:27:23:0d:47 |
[   25.505819] cloud-init[1019]: ci-info: +--------+-------+----------------------------+---------------+-------+-------------------+
[   25.508353] cloud-init[1019]: ci-info: +++++++++++++++++++++++++++Route IPv4 info++++++++++++++++++++++++++++
[   25.508625] cloud-init[1019]: ci-info: +-------+-------------+----------+---------------+-----------+-------+
         Starting /etc/rc.local Compatibility...
[   25.508730] cloud-init[1019]: ci-info: | Route | Destination | Gateway  |    Genmask    | Interface | Flags |
[   25.519546] cloud-init[1019]: ci-info: +-------+-------------+----------+---------------+-----------+-------+
[   25.519812] cloud-init[1019]: ci-info: |   0   |   0.0.0.0   | 10.0.2.2 |    0.0.0.0    |   enp0s3  |   UG  |
[   25.520096] cloud-init[1019]: ci-info: |   1   |   10.0.2.0  | 0.0.0.0  | 255.255.255.0 |   enp0s3  |   U   |
[   25.520295] cloud-init[1019]: ci-info: +-------+-------------+----------+---------------+-----------+-------+
         Starting iSCSI initiator daemon (iscsid)...
[   25.520521] cloud-init[1019]: Generating public/private rsa key pair.
[   25.588062] cloud-init[1019]: Your identification has been saved in /etc/ssh/ssh_host_rsa_key.
[   25.590295] cloud-init[1019]: Your public key has been saved in /etc/ssh/ssh_host_rsa_key.pub.
[   25.592509] cloud-init[1019]: The key fingerprint is:
[   25.594390] cloud-init[1019]: SHA256:qUFP0k8CI8YUrnBhHAu57v6N/cCBc/Z+t2uGIHNEUYc root@ubuntu-xenial
[   25.595545] cloud-init[1019]: The key's randomart image is:
[   25.628286] cloud-init[1019]: +---[RSA 2048]----+
[   25.628453] cloud-init[1019]: |.o++=.o.o...     |
         Starting Apply the settings specified in cloud-config...
[   25.628527] cloud-init[1019]: |.o.=.. = E.      |
[   25.678785] cloud-init[1019]: |..o . + + .      |
[[0;32m  OK  [0m] Started /etc/rc.local Compatibility.
[   25.679283] cloud-init[1019]: |.o ... = =       |
[   25.696657] cloud-init[1019]: |. .o +o S .      |
[   25.700636] cloud-init[1019]: | .  =oo=         |
[   25.701444] cloud-init[1019]: |.    o=.. .      |
[   25.702209] cloud-init[1019]: | .  + o  o +     |
[   25.709073] cloud-init[1019]: |...o o.o. +oo    |
[   25.759208] cloud-init[1019]: +----[SHA256]-----+
[[0;32m  OK  [0m] Started iSCSI initiator daemon (iscsid).
[   25.759457] cloud-init[1019]: Generating public/private dsa key pair.
[   25.867630] cloud-init[1019]: Your identification has been saved in /etc/ssh/ssh_host_dsa_key.
[   25.867801] cloud-init[1019]: Your public key has been saved in /etc/ssh/ssh_host_dsa_key.pub.
         Starting Login to default iSCSI targets...
[   25.867869] cloud-init[1019]: The key fingerprint is:
[   25.972311] cloud-init[1019]: SHA256:h1HvNvyyQf7FWzQgpbpr06s/zJYUztRH9yaIM6bGN5A root@ubuntu-xenial
[   25.973323] cloud-init[1019]: The key's randomart image is:
[   25.973984] cloud-init[1019]: +---[DSA 1024]----+
[   25.974586] cloud-init[1019]: |          .  .   |
[   25.975444] cloud-init[1019]: |         . .o  ..|
[   25.976231] cloud-init[1019]: |        .. +oo. o|
[   25.976887] cloud-init[1019]: |        Eo*=o.o.o|
[   25.977786] cloud-init[1019]: |       .S==oB .+.|
[   25.978606] cloud-init[1019]: |        +.+B o o.|
[   26.016370] cloud-init[1019]: |       . o=.= . +|
[   26.052286] cloud-init[1019]: |         o.B = .o|
[   26.076292] cloud-init[1019]: |        .o=o+ .. |
[   26.078446] cloud-init[1019]: +----[SHA256]-----+
[   26.081013] cloud-init[1019]: Generating public/private ecdsa key pair.
[   26.112866] cloud-init[1019]: Your identification has been saved in /etc/ssh/ssh_host_ecdsa_key.
[   26.135638] cloud-init[1019]: Your public key has been saved in /etc/ssh/ssh_host_ecdsa_key.pub.
[   26.156866] cloud-init[1019]: The key fingerprint is:
[   26.176406] cloud-init[1019]: SHA256:L4bFQuvwZ0vz+tZm2EKpnT1JweXnRtgm5FI6qtTh3UY root@ubuntu-xenial
[   26.203761] cloud-init[1019]: The key's randomart image is:
[   26.204853] cloud-init[1019]: +---[ECDSA 256]---+
[   26.205795] cloud-init[1019]: |                 |
[   26.220343] cloud-init[1019]: |              +  |
[   26.226730] cloud-init[1019]: |      .    . B o |
[   26.241811] cloud-init[1019]: |     . o  . * E =|
[   26.265689] cloud-init[1019]: |    . o So = * * |
[[0;32m  OK  [0m] Started Login to default iSCSI targets.
[   26.293483] cloud-init[1019]: |     + +..* o o o|
[   26.305616] cloud-init[1019]: |      +.B=.B o . |
[   26.306318] cloud-init[1019]: |       =o=* O    |
[   26.306567] cloud-init[1019]: |        o+o+ .   |
[   26.306651] cloud-init[1019]: +----[SHA256]-----+
[   26.306735] cloud-init[1019]: Generating public/private ed25519 key pair.
[[0;32m  OK  [0m] Reached target Remote File Systems (Pre).
[   26.306819] cloud-init[1019]: Your identification has been saved in /etc/ssh/ssh_host_ed25519_key.
[[0;32m  OK  [0m] Reached target Remote File Systems.
[   26.310052] cloud-init[1019]: Your public key has been saved in /etc/ssh/ssh_host_ed25519_key.pub.
[   26.355259] cloud-init[1019]: The key fingerprint is:
         Starting LSB: Set the CPU Frequency Scaling governor to "ondemand"...
[   26.355478] cloud-init[1019]: SHA256:se6MsnitxtxNPt3Hl6UF8WMARR6kwxyuGJPcuEab25s root@ubuntu-xenial
         [   26.451891] cloud-init[1019]: The key's randomart image is:
[   26.452331] cloud-init[1019]: +--[ED25519 256]--+
[   26.452445] cloud-init[1019]: |           o==   |
[   26.452564] cloud-init[1019]: |      . + + +.o  |
[   26.452695] cloud-init[1019]: |       B.. * ..o |
[   26.452812] cloud-init[1019]: |      . Bo. . .o.|
[   26.452939] cloud-init[1019]: |       *S.    ...|
[   26.453057] cloud-init[1019]: |      ..+       o|
[   26.453107] cloud-init[1019]: |   o o =.o . . oo|
[   26.453157] cloud-init[1019]: |   .* o++ + . +..|
Starting LSB: VirtualBox Linux Additions...
[   26.453206] cloud-init[1019]: |  .oo+. oE   . . |
[   26.500236] cloud-init[1019]: +----[SHA256]-----+
         Starting LSB: automatic crash report generation...
[   26.501394] cloud-init[1116]: Generating locales (this might take a while)...
         Starting LSB: daemon to balance interrupts for SMP systems...
         Starting Permit User Sessions...
[[0;32m  OK  [0m] Started Permit User Sessions.
[[0;32m  OK  [0m] Started LSB: Set the CPU Frequency Scaling governor to "ondemand".
         Starting Hold until boot process finishes up...
         Starting Terminate Plymouth Boot Screen...
[[0;32m  OK  [0m] Started LSB: automatic crash report generation.
[[0;32m  OK  [0m] Started LSB: daemon to balance interrupts for SMP systems.
[[0;32m  OK  [0m] Started Hold until boot process finishes up.
[[0;32m  OK  [0m] Started Terminate Plymouth Boot Screen.
[[0;32m  OK  [0m] Started Getty on tty1.
[[0;32m  OK  [0m] Started Serial Getty on ttyS0.
[[0;32m  OK  [0m] Reached target Login Prompts.
         Starting Set console scheme...
[[0;32m  OK  [0m] Started LSB: VirtualBox Linux Additions.
[[0;32m  OK  [0m] Started Set console scheme.
[   27.628499] cloud-init[1116]:   en_US.UTF-8... done
[   27.668360] cloud-init[1116]: Generation complete.
[[0;32m  OK  [0m] Stopped OpenBSD Secure Shell server.
         Starting OpenBSD Secure Shell server...
[[0;32m  OK  [0m] Started OpenBSD Secure Shell server.
[[0;32m  OK  [0m] Created slice User Slice of ubuntu.
         Starting User Manager for UID 1000...
[[0;32m  OK  [0m] Started Session 1 of user ubuntu.
[[0;32m  OK  [0m] Started User Manager for UID 1000.
[   29.593620] cloud-init[1116]: Cloud-init v. 0.7.8 running 'modules:config' at Sun, 13 Nov 2016 23:42:38 +0000. Up 25.90 seconds.
[[0;32m  OK  [0m] Started Apply the settings specified in cloud-config.
[[0;32m  OK  [0m] Started Session 2 of user ubuntu.

Ubuntu 16.04.1 LTS ubuntu-xenial ttyS0

ubuntu-xenial login: ci-info: +++++Authorized keys from /home/ubuntu/.ssh/authorized_keys for user ubuntu++++++
ci-info: +---------+-------------------------------------------------+---------+---------+
ci-info: | Keytype |                Fingerprint (md5)                | Options | Comment |
ci-info: +---------+-------------------------------------------------+---------+---------+
ci-info: | ssh-rsa | 7d:cf:8c:87:ac:cb:92:de:67:97:40:43:ce:40:46:54 |    -    | vagrant |
ci-info: +---------+-------------------------------------------------+---------+---------+
<14>Nov 13 23:42:50 ec2: 
<14>Nov 13 23:42:50 ec2: #############################################################
<14>Nov 13 23:42:50 ec2: -----BEGIN SSH HOST KEY FINGERPRINTS-----
<14>Nov 13 23:42:50 ec2: 1024 SHA256:h1HvNvyyQf7FWzQgpbpr06s/zJYUztRH9yaIM6bGN5A root@ubuntu-xenial (DSA)
<14>Nov 13 23:42:50 ec2: 256 SHA256:L4bFQuvwZ0vz+tZm2EKpnT1JweXnRtgm5FI6qtTh3UY root@ubuntu-xenial (ECDSA)
<14>Nov 13 23:42:50 ec2: 256 SHA256:se6MsnitxtxNPt3Hl6UF8WMARR6kwxyuGJPcuEab25s root@ubuntu-xenial (ED25519)
<14>Nov 13 23:42:50 ec2: 2048 SHA256:qUFP0k8CI8YUrnBhHAu57v6N/cCBc/Z+t2uGIHNEUYc root@ubuntu-xenial (RSA)
<14>Nov 13 23:42:50 ec2: -----END SSH HOST KEY FINGERPRINTS-----
<14>Nov 13 23:42:50 ec2: #############################################################
-----BEGIN SSH HOST KEY KEYS-----
ecdsa-sha2-nistp256 AAAAE2VjZHNhLXNoYTItbmlzdHAyNTYAAAAIbmlzdHAyNTYAAABBBAJcDkpzhnv9TFMGvk2OnnR0jwzFpJ/7UXcPe/CVB3YFuS3ZcQ9K3aiG5/aEZ/kxVKe8hIykR1iFlywzlhYY19k= root@ubuntu-xenial
ssh-ed25519 AAAAC3NzaC1lZDI1NTE5AAAAIMrDK8AD4ZuRALoCM98EFJAfU/7TQoeGAk+IcsnVozS6 root@ubuntu-xenial
ssh-rsa AAAAB3NzaC1yc2EAAAADAQABAAABAQDtvJpKwEt5EJqa00vk/FFZGa2t6Z26SH4UF9uazi7cnm6ZRUxuCH5pUwK3+TJOJObKYTvT54CnTU6yzc/+l5w8aw7iWvXEha/o+74XysPim/VrWpzCqLzMNP1Ufo44jv55vSzPgZQu++p9Y6gmLIdjvQIJJRjlomPfcaVCSBliszfHkwfRcQOhKzK/Cxbt1sKN0pgaCrcYcWNGgEcAGFRW+pY7qeIc4Kcm5HMFdhe+W8Pm4oTmgvTN7j/BaN6YoT+P5D24EgRy/6RaaZJ9y1luX6Or3YwJPskuFbIVYl13wRfWsJYMr9WZf7U+afC8hDt9RxEy7VqpXHnIfnFsnvsv root@ubuntu-xenial
-----END SSH HOST KEY KEYS-----
[   37.840217] cloud-init[1685]: Cloud-init v. 0.7.8 running 'modules:final' at Sun, 13 Nov 2016 23:42:49 +0000. Up 37.62 seconds.
[   37.840362] cloud-init[1685]: Cloud-init v. 0.7.8 finished at Sun, 13 Nov 2016 23:42:50 +0000. Datasource DataSourceNoCloud [seed=/dev/sdb][dsmode=net].  Up 37.82 seconds
[   40.489394] cloud-init[2098]: Cloud-init v. 0.7.8 running 'init' at Sun, 13 Nov 2016 23:42:52 +0000. Up 40.31 seconds.
[   40.489676] cloud-init[2098]: ci-info: +++++++++++++++++++++++++++++++++++++Net device info++++++++++++++++++++++++++++++++++++++
[   40.489758] cloud-init[2098]: ci-info: +--------+------+----------------------------+---------------+-------+-------------------+
[   40.489831] cloud-init[2098]: ci-info: | Device |  Up  |          Address           |      Mask     | Scope |     Hw-Address    |
[   40.489900] cloud-init[2098]: ci-info: +--------+------+----------------------------+---------------+-------+-------------------+
[   40.489968] cloud-init[2098]: ci-info: |   lo   | True |         127.0.0.1          |   255.0.0.0   |   .   |         .         |
[   40.490034] cloud-init[2098]: ci-info: |   lo   | True |          ::1/128           |       .       |  host |         .         |
[   40.490107] cloud-init[2098]: ci-info: | enp0s3 | True |         10.0.2.15          | 255.255.255.0 |   .   | 02:d0:b0:43:c2:9f |
[   40.490176] cloud-init[2098]: ci-info: | enp0s3 | True | fe80::d0:b0ff:fe43:c29f/64 |       .       |  link | 02:d0:b0:43:c2:9f |
[   40.490242] cloud-init[2098]: ci-info: | enp0s8 | True |       192.168.200.4        | 255.255.255.0 |   .   | 08:00:27:23:0d:47 |
[   40.490307] cloud-init[2098]: ci-info: | enp0s8 | True | fe80::a00:27ff:fe23:d47/64 |       .       |  link | 08:00:27:23:0d:47 |
[   40.490407] cloud-init[2098]: ci-info: +--------+------+----------------------------+---------------+-------+-------------------+
[   40.490476] cloud-init[2098]: ci-info: ++++++++++++++++++++++++++++Route IPv4 info+++++++++++++++++++++++++++++
[   40.490546] cloud-init[2098]: ci-info: +-------+---------------+----------+---------------+-----------+-------+
[   40.490613] cloud-init[2098]: ci-info: | Route |  Destination  | Gateway  |    Genmask    | Interface | Flags |
[   40.490678] cloud-init[2098]: ci-info: +-------+---------------+----------+---------------+-----------+-------+
[   40.490745] cloud-init[2098]: ci-info: |   0   |    0.0.0.0    | 10.0.2.2 |    0.0.0.0    |   enp0s3  |   UG  |
[   40.490811] cloud-init[2098]: ci-info: |   1   |    10.0.2.0   | 0.0.0.0  | 255.255.255.0 |   enp0s3  |   U   |
[   40.490875] cloud-init[2098]: ci-info: |   2   | 192.168.200.0 | 0.0.0.0  | 255.255.255.0 |   enp0s8  |   U   |
[   40.490940] cloud-init[2098]: ci-info: +-------+---------------+----------+---------------+-----------+-------+
